{
  "version": "1.5.0",
  "plugins_used": [
    {
      "name": "ArtifactoryDetector"
    },
    {
      "name": "AWSKeyDetector"
    },
    {
      "name": "AzureStorageKeyDetector"
    },
    {
      "name": "Base64HighEntropyString",
      "limit": 4.5
    },
    {
      "name": "BasicAuthDetector"
    },
    {
      "name": "CloudantDetector"
    },
    {
      "name": "DiscordBotTokenDetector"
    },
    {
      "name": "GitHubTokenDetector"
    },
    {
      "name": "GitLabTokenDetector"
    },
    {
      "name": "HexHighEntropyString",
      "limit": 3.0
    },
    {
      "name": "IbmCloudIamDetector"
    },
    {
      "name": "IbmCosHmacDetector"
    },
    {
      "name": "IPPublicDetector"
    },
    {
      "name": "JwtTokenDetector"
    },
    {
      "name": "KeywordDetector",
      "keyword_exclude": ""
    },
    {
      "name": "MailchimpDetector"
    },
    {
      "name": "NpmDetector"
    },
    {
      "name": "OpenAIDetector"
    },
    {
      "name": "PrivateKeyDetector"
    },
    {
      "name": "PypiTokenDetector"
    },
    {
      "name": "SendGridDetector"
    },
    {
      "name": "SlackDetector"
    },
    {
      "name": "SoftlayerDetector"
    },
    {
      "name": "SquareOAuthDetector"
    },
    {
      "name": "StripeDetector"
    },
    {
      "name": "TelegramBotTokenDetector"
    },
    {
      "name": "TwilioKeyDetector"
    }
  ],
  "filters_used": [
    {
      "path": "detect_secrets.filters.allowlist.is_line_allowlisted"
    },
    {
      "path": "detect_secrets.filters.common.is_ignored_due_to_verification_policies",
      "min_level": 2
    },
    {
      "path": "detect_secrets.filters.heuristic.is_indirect_reference"
    },
    {
      "path": "detect_secrets.filters.heuristic.is_likely_id_string"
    },
    {
      "path": "detect_secrets.filters.heuristic.is_lock_file"
    },
    {
      "path": "detect_secrets.filters.heuristic.is_not_alphanumeric_string"
    },
    {
      "path": "detect_secrets.filters.heuristic.is_potential_uuid"
    },
    {
      "path": "detect_secrets.filters.heuristic.is_prefixed_with_dollar_sign"
    },
    {
      "path": "detect_secrets.filters.heuristic.is_sequential_string"
    },
    {
      "path": "detect_secrets.filters.heuristic.is_swagger_file"
    },
    {
      "path": "detect_secrets.filters.heuristic.is_templated_secret"
    },
    {
      "path": "detect_secrets.filters.regex.should_exclude_file",
      "pattern": [
        "\\.env$",
        "\\.secrets\\.baseline",
        "ww/ml/",
        "\\.venv/",
        "node_modules/"
      ]
    }
  ],
  "results": {
    "tests/auto_ss_config/test_aliyun.py": [
      {
        "type": "Secret Keyword",
        "filename": "tests/auto_ss_config/test_aliyun.py",
        "hashed_secret": "72cb70dbbafe97e5ea13ad88acd65d08389439b0",
        "is_verified": false,
        "line_number": 34
      }
    ],
    "tests/auto_ss_config/test_hetzner.py": [
      {
        "type": "Secret Keyword",
        "filename": "tests/auto_ss_config/test_hetzner.py",
        "hashed_secret": "e5e9fa1ba31ecd1ae84f75caaa474f3a663f05f4",
        "is_verified": false,
        "line_number": 80
      },
      {
        "type": "Secret Keyword",
        "filename": "tests/auto_ss_config/test_hetzner.py",
        "hashed_secret": "9d4e1e23bd5b727046a9e3b4b7db57bd8d6ee684",
        "is_verified": false,
        "line_number": 101
      }
    ],
    "tests/auto_ss_config/test_upload_configs.py": [
      {
        "type": "Secret Keyword",
        "filename": "tests/auto_ss_config/test_upload_configs.py",
        "hashed_secret": "9d4e1e23bd5b727046a9e3b4b7db57bd8d6ee684",
        "is_verified": false,
        "line_number": 106
      }
    ],
    "tests/git/test_git_commit.py": [
      {
        "type": "Hex High Entropy String",
        "filename": "tests/git/test_git_commit.py",
        "hashed_secret": "90bd1b48e958257948487b90bee080ba5ed00caa",
        "is_verified": false,
        "line_number": 70
      }
    ],
    "tests/llm/test_openrouter_mgmt.py": [
      {
        "type": "Secret Keyword",
        "filename": "tests/llm/test_openrouter_mgmt.py",
        "hashed_secret": "0f7da3f82f86e5ea63d3ac270f091af4bcfa819a",
        "is_verified": false,
        "line_number": 21
      }
    ],
    "tests/utils/test_decode_jwt.py": [
      {
        "type": "JSON Web Token",
        "filename": "tests/utils/test_decode_jwt.py",
        "hashed_secret": "d6b66ddd9ea7dbe760114bfe9a97352a5e139134",
        "is_verified": false,
        "line_number": 12
      }
    ],
    "ww/auto_ss_config/clash_config_tmp.yaml": [
      {
        "type": "Secret Keyword",
        "filename": "ww/auto_ss_config/clash_config_tmp.yaml",
        "hashed_secret": "32ed84eab7db75cf85c6f4814bec2081cfcdc68c",
        "is_verified": false,
        "line_number": 52
      }
    ],
    "ww/auto_ss_config/hysteria_config.yaml": [
      {
        "type": "Secret Keyword",
        "filename": "ww/auto_ss_config/hysteria_config.yaml",
        "hashed_secret": "ce2d1856345bc8b4c6bfb94af2b0fd856a5f839a",
        "is_verified": false,
        "line_number": 10
      }
    ],
    "ww/cloudflare/get_monthly_visit.py": [
      {
        "type": "Hex High Entropy String",
        "filename": "ww/cloudflare/get_monthly_visit.py",
        "hashed_secret": "15773e07d60726332ebdeb0540d8f6f2091fad0a",
        "is_verified": false,
        "line_number": 58
      }
    ],
    "ww/config/openclaw.json": [
      {
        "type": "Secret Keyword",
        "filename": "ww/config/openclaw.json",
        "hashed_secret": "b02dff0ec9d24823e77c27c281a852247896b86d",
        "is_verified": false,
        "line_number": 69
      },
      {
        "type": "Base64 High Entropy String",
        "filename": "ww/config/openclaw.json",
        "hashed_secret": "f1e88cd2dd7ed7b06bd7a554ec3793561913f4ce",
        "is_verified": false,
        "line_number": 244
      },
      {
        "type": "Hex High Entropy String",
        "filename": "ww/config/openclaw.json",
        "hashed_secret": "89cd52e5c7b1d36874c3f5807c4959a3040adef5",
        "is_verified": false,
        "line_number": 245
      },
      {
        "type": "Base64 High Entropy String",
        "filename": "ww/config/openclaw.json",
        "hashed_secret": "1e3eb1e133d8745e11c474306f63838723578aae",
        "is_verified": false,
        "line_number": 257
      },
      {
        "type": "Hex High Entropy String",
        "filename": "ww/config/openclaw.json",
        "hashed_secret": "2aa91c47d9bdbe75e52a0cf8c54bde2b6555efcb",
        "is_verified": false,
        "line_number": 258
      }
    ],
    "ww/postgres/create_table.py": [
      {
        "type": "Secret Keyword",
        "filename": "ww/postgres/create_table.py",
        "hashed_secret": "8fb0dee18106d585d2dedddc84f828da82c7ee31",
        "is_verified": false,
        "line_number": 7
      }
    ]
  },
  "generated_at": "2026-05-30T13:39:15Z"
}
